
> mad-delivery-hq@1.0.0 build
> next build --webpack

▲ Next.js 16.2.10 (webpack)
- Environments: .env.local, .env
- Experiments (use with caution):
  · proxyClientMaxBodySize: "50mb"
  · serverActions

  Creating an optimized production build ...
✓ Compiled successfully in 47s
  Running TypeScript ...
  Finished TypeScript in 42s ...
  Collecting page data using 7 workers ...
  Generating static pages using 7 workers (0/271) ...
  Generating static pages using 7 workers (67/271) 
  Generating static pages using 7 workers (135/271) 
  Generating static pages using 7 workers (203/271) 
✓ Generating static pages using 7 workers (271/271) in 11.5s
  Finalizing page optimization ...
  Collecting build traces ...

Route (app)
┌ ƒ /
├ ƒ /_not-found
├ ƒ /accounts/adjustments
├ ƒ /accounts/audit-log
├ ƒ /accounts/commissions
├ ƒ /accounts/complaints
├ ƒ /accounts/dashboard
├ ƒ /accounts/deductions
├ ƒ /accounts/expenses
├ ƒ /accounts/invoices
├ ƒ /accounts/invoices/[id]
├ ƒ /accounts/notifications
├ ƒ /accounts/orders
├ ƒ /accounts/payments
├ ƒ /accounts/ramadan
├ ƒ /accounts/refunds
├ ƒ /accounts/reports
├ ƒ /accounts/rider-earnings
├ ƒ /accounts/sales
├ ƒ /accounts/settlements
├ ƒ /accounts/transactions
├ ƒ /accounts/withdrawals
├ ƒ /admin/activity-logs
├ ƒ /admin/branch-manager-history
├ ƒ /admin/branches
├ ƒ /admin/branches/[id]
├ ƒ /admin/branches/[id]/edit
├ ƒ /admin/branches/create
├ ƒ /admin/categories
├ ƒ /admin/categories/new
├ ƒ /admin/complaints
├ ƒ /admin/customers
├ ƒ /admin/customers/blocked
├ ƒ /admin/dashboard
├ ƒ /admin/delivery-areas
├ ƒ /admin/delivery-areas/[id]/edit
├ ƒ /admin/delivery-areas/new
├ ƒ /admin/notices
├ ƒ /admin/notifications
├ ƒ /admin/orders
├ ƒ /admin/orders/[id]
├ ƒ /admin/products
├ ƒ /admin/products/[id]
├ ƒ /admin/products/[id]/edit
├ ƒ /admin/products/create
├ ƒ /admin/products/deactivated
├ ƒ /admin/reports
├ ƒ /admin/reports/attendance
├ ƒ /admin/reports/cancelled-orders
├ ƒ /admin/reports/orders
├ ƒ /admin/reports/sales
├ ƒ /admin/rewards
├ ƒ /admin/settings
├ ƒ /admin/settings/delivery-fees
├ ƒ /admin/staff
├ ƒ /admin/users
├ ƒ /admin/users/[id]
├ ƒ /admin/users/[id]/edit
├ ƒ /admin/users/create
├ ƒ /api/accounts/adjustments
├ ƒ /api/accounts/audit-log
├ ƒ /api/accounts/commissions
├ ƒ /api/accounts/commissions/rules
├ ƒ /api/accounts/deductions
├ ƒ /api/accounts/expenses
├ ƒ /api/accounts/payments
├ ƒ /api/accounts/refunds
├ ƒ /api/accounts/reports
├ ƒ /api/accounts/rider-earnings
├ ƒ /api/accounts/settlements
├ ƒ /api/accounts/transactions
├ ƒ /api/accounts/withdrawals
├ ƒ /api/accounts/withdrawals/[id]/decide
├ ƒ /api/activity-logs
├ ƒ /api/admin/reward-rules
├ ƒ /api/admin/reward-rules/[id]
├ ƒ /api/admin/rewards
├ ƒ /api/admin/rewards/status
├ ƒ /api/admin/settings/charges
├ ƒ /api/admin/settings/delivery-fees
├ ƒ /api/admin/settings/logo
├ ƒ /api/attendance
├ ƒ /api/auth/[...nextauth]
├ ƒ /api/auth/change-password
├ ƒ /api/auth/me
├ ƒ /api/auth/otp/request
├ ƒ /api/auth/otp/verify
├ ƒ /api/auth/profile
├ ƒ /api/auth/register/customer
├ ƒ /api/auth/register/username
├ ƒ /api/auth/users
├ ƒ /api/auth/users/[id]
├ ƒ /api/auth/users/[id]/activate
├ ƒ /api/auth/users/[id]/approve
├ ƒ /api/auth/users/[id]/block
├ ƒ /api/auth/users/[id]/deactivate
├ ƒ /api/auth/users/[id]/reject
├ ƒ /api/auth/users/[id]/unblock
├ ƒ /api/branch-manager/delivery-settings
├ ƒ /api/branch-manager/duty-chats
├ ƒ /api/branch-manager/hold
├ ƒ /api/branch-manager/hold/release
├ ƒ /api/branch-manager/time-slots
├ ƒ /api/branch-manager/time-slots/[id]
├ ƒ /api/branch-tables
├ ƒ /api/branch-tables/[id]
├ ƒ /api/branches
├ ƒ /api/branches/[id]
├ ƒ /api/branches/[id]/activate
├ ƒ /api/branches/[id]/assign-manager
├ ƒ /api/branches/[id]/deactivate
├ ƒ /api/branches/[id]/delivery-areas
├ ƒ /api/branches/[id]/delivery-settings
├ ƒ /api/branches/[id]/payment-settings
├ ƒ /api/categories
├ ƒ /api/categories/[id]
├ ƒ /api/categories/[id]/status
├ ƒ /api/complaints
├ ƒ /api/complaints/[id]
├ ƒ /api/complaints/[id]/messages
├ ƒ /api/complaints/[id]/status
├ ƒ /api/customer/addresses
├ ƒ /api/customer/addresses/[id]
├ ƒ /api/customer/location
├ ƒ /api/customer/nearest-branch
├ ƒ /api/customer/rewards
├ ƒ /api/customer/settings
├ ƒ /api/dashboard/accounts
├ ƒ /api/dashboard/branch-manager
├ ƒ /api/dashboard/branch-manager/live
├ ƒ /api/dashboard/customer
├ ƒ /api/dashboard/management
├ ƒ /api/dashboard/marketing
├ ƒ /api/dashboard/rider
├ ƒ /api/dashboard/super-admin
├ ƒ /api/delivery-areas
├ ƒ /api/delivery-areas/[id]
├ ƒ /api/delivery-areas/[id]/hold
├ ƒ /api/delivery-areas/[id]/resume
├ ƒ /api/delivery-chat/[id]/messages
├ ƒ /api/delivery-zones
├ ƒ /api/delivery-zones/[id]
├ ƒ /api/delivery/coverage
├ ƒ /api/delivery/nearest-pickup
├ ƒ /api/delivery/quote
├ ƒ /api/duty-chat/[id]/messages
├ ƒ /api/employee-attendance
├ ƒ /api/employee-teams
├ ƒ /api/employee-teams/[id]
├ ƒ /api/employees
├ ƒ /api/employees/[id]
├ ƒ /api/employees/[id]/status
├ ƒ /api/geo/reverse
├ ƒ /api/geo/search
├ ƒ /api/management/export
├ ƒ /api/manager-assignments
├ ƒ /api/marketing/campaigns
├ ƒ /api/marketing/campaigns/[id]
├ ƒ /api/marketing/coupons
├ ƒ /api/marketing/coupons/[id]
├ ƒ /api/marketing/segments
├ ƒ /api/marketing/segments/[id]
├ ƒ /api/marketing/segments/[id]/send
├ ƒ /api/notices
├ ƒ /api/notices/[id]
├ ƒ /api/notifications
├ ƒ /api/notifications/[id]
├ ƒ /api/notifications/[id]/read
├ ƒ /api/notifications/read-all
├ ƒ /api/notifications/unread-count
├ ƒ /api/orders
├ ƒ /api/orders/[id]
├ ƒ /api/orders/[id]/assign-rider
├ ƒ /api/orders/[id]/delivery-chat
├ ƒ /api/orders/[id]/payment
├ ƒ /api/orders/[id]/payment/verify
├ ƒ /api/orders/[id]/reorder
├ ƒ /api/orders/[id]/status
├ ƒ /api/orders/[id]/update-status
├ ƒ /api/orders/latest-activity
├ ƒ /api/orders/pending-payments
├ ƒ /api/payments/gateway
├ ƒ /api/payments/gateway/callback/order
├ ƒ /api/payments/gateway/callback/ramadan
├ ƒ /api/payments/gateway/order
├ ƒ /api/product-variations/[id]
├ ƒ /api/products
├ ƒ /api/products/[id]
├ ƒ /api/products/[id]/hold
├ ƒ /api/products/[id]/toggle-availability
├ ƒ /api/products/[id]/unhold
├ ƒ /api/push
├ ƒ /api/push/subscribe
├ ƒ /api/push/unsubscribe
├ ƒ /api/ramadan/available
├ ƒ /api/ramadan/bookings
├ ƒ /api/ramadan/bookings/[id]/cancel
├ ƒ /api/ramadan/config
├ ƒ /api/ramadan/menus
├ ƒ /api/ramadan/menus/[id]
├ ƒ /api/ramadan/reservations
├ ƒ /api/ramadan/reservations/[id]/pay
├ ƒ /api/ramadan/reservations/[id]/record-payment
├ ƒ /api/ramadan/reservations/[id]/refund
├ ƒ /api/ramadan/reservations/[id]/status
├ ƒ /api/ramadan/slots
├ ƒ /api/ramadan/slots/[id]
├ ƒ /api/ramadan/summary
├ ƒ /api/ramadan/tables
├ ƒ /api/ramadan/tables/[id]
├ ƒ /api/ramadan/transactions
├ ƒ /api/reservations
├ ƒ /api/reservations/[id]
├ ƒ /api/reservations/[id]/messages
├ ƒ /api/reservations/[id]/status
├ ƒ /api/reservations/tables
├ ƒ /api/reviews
├ ƒ /api/rider-profiles
├ ƒ /api/rider-profiles/[id]
├ ƒ /api/rider/assignments/[orderId]/respond
├ ƒ /api/rider/assignments/pending
├ ƒ /api/rider/duty
├ ƒ /api/rider/duty/end
├ ƒ /api/rider/duty/history
├ ƒ /api/rider/duty/start
├ ƒ /api/rider/earnings
├ ƒ /api/rider/eligible-orders
├ ƒ /api/rider/login-history
├ ƒ /api/rider/orders/[id]/confirm-receive
├ ƒ /api/rider/pickup/verify
├ ƒ /api/rider/wallet
├ ƒ /api/rider/withdrawals
├ ƒ /api/riders/[userId]/assign-branch
├ ƒ /api/riders/[userId]/location
├ ƒ /api/riders/branch
├ ƒ /api/riders/duty/clock-in
├ ƒ /api/riders/duty/clock-out
├ ƒ /api/riders/duty/history
├ ƒ /api/riders/duty/status
├ ƒ /api/riders/location
├ ƒ /api/riders/me
├ ƒ /api/riders/online
├ ƒ /api/uploads/[...path]
├ ƒ /branch-manager/attendance
├ ƒ /branch-manager/catalog
├ ƒ /branch-manager/catalog/categories/[id]/edit
├ ƒ /branch-manager/catalog/categories/create
├ ƒ /branch-manager/catalog/products/[id]
├ ƒ /branch-manager/catalog/products/[id]/edit
├ ƒ /branch-manager/catalog/products/create
├ ƒ /branch-manager/complaints
├ ƒ /branch-manager/dashboard
├ ƒ /branch-manager/delivery-areas
├ ƒ /branch-manager/delivery-areas/[id]/edit
├ ƒ /branch-manager/delivery-areas/new
├ ƒ /branch-manager/delivery-hours
├ ƒ /branch-manager/delivery-zone
├ ƒ /branch-manager/duty-history
├ ƒ /branch-manager/employees
├ ƒ /branch-manager/notifications
├ ƒ /branch-manager/orders
├ ƒ /branch-manager/orders/[id]
├ ƒ /branch-manager/ramadan-bookings
├ ƒ /branch-manager/reports
├ ƒ /branch-manager/riders
├ ƒ /branch-manager/table-reservations
├ ƒ /branch-manager/table-reservations/[id]
├ ƒ /branch-manager/tables
├ ƒ /change-password
├ ƒ /complaints/[id]
├ ƒ /complaints/new
├ ƒ /customer/addresses
├ ƒ /customer/branches
├ ƒ /customer/branches/[id]/menu
├ ƒ /customer/cart
├ ƒ /customer/checkout
├ ƒ /customer/complaints
├ ƒ /customer/dashboard
├ ƒ /customer/notifications
├ ƒ /customer/orders
├ ƒ /customer/orders/[id]
├ ƒ /customer/ramadan-bookings
├ ƒ /customer/ramadan-bookings/[id]
├ ƒ /customer/reservations
├ ƒ /customer/reservations/[id]
├ ƒ /customer/reviews
├ ƒ /customer/rewards
├ ƒ /customer/settings
├ ƒ /customer/support
├ ƒ /forgot-password
├ ƒ /forgot-password/reset
├ ○ /icon.svg
├ ƒ /login
├ ƒ /login/otp
├ ƒ /management/analytics
├ ƒ /management/branches
├ ƒ /management/complaints
├ ƒ /management/dashboard
├ ƒ /management/exports
├ ƒ /management/inventory
├ ƒ /management/notifications
├ ƒ /management/orders
├ ƒ /management/performance
├ ƒ /management/ramadan
├ ƒ /management/reports
├ ƒ /management/reports/attendance
├ ƒ /management/reports/branches
├ ƒ /management/reports/complaints
├ ƒ /management/reports/customers
├ ƒ /management/reports/delivery
├ ƒ /management/reports/expenses
├ ƒ /management/reports/finance
├ ƒ /management/reports/marketing
├ ƒ /management/reports/orders
├ ƒ /management/reports/products
├ ƒ /management/reports/riders
├ ƒ /management/reports/sales
├ ƒ /management/reports/withdrawals
├ ƒ /marketing/audience
├ ƒ /marketing/campaigns
├ ƒ /marketing/campaigns/[id]/edit
├ ƒ /marketing/campaigns/create
├ ƒ /marketing/complaints
├ ƒ /marketing/coupons
├ ƒ /marketing/coupons/[id]/edit
├ ƒ /marketing/coupons/create
├ ƒ /marketing/customers
├ ƒ /marketing/dashboard
├ ƒ /marketing/feedback
├ ƒ /marketing/notifications
├ ƒ /marketing/performance
├ ƒ /marketing/products
├ ƒ /marketing/reports
├ ƒ /profile
├ ƒ /register
├ ƒ /register/accounts
├ ƒ /register/branch-manager
├ ƒ /register/customer
├ ƒ /register/management
├ ƒ /register/marketing
├ ƒ /register/rider
├ ƒ /register/staff
├ ƒ /registration-pending
├ ƒ /rider/attendance
├ ƒ /rider/complaints
├ ƒ /rider/dashboard
├ ƒ /rider/deliveries
├ ƒ /rider/duty-history
├ ƒ /rider/earnings
├ ƒ /rider/location-history
├ ƒ /rider/login-history
├ ƒ /rider/new-orders
├ ƒ /rider/notifications
├ ƒ /rider/order-history
├ ƒ /rider/orders
├ ƒ /rider/orders/[id]
├ ƒ /rider/performance
├ ƒ /rider/route-history
├ ƒ /rider/support
├ ƒ /rider/vehicle
├ ƒ /rider/wallet
├ ƒ /rider/withdrawals
├ ƒ /robots.txt
└ ƒ /sitemap.xml


ƒ Proxy (Middleware)

○  (Static)   prerendered as static content
ƒ  (Dynamic)  server-rendered on demand

BUILD_OK
